# Clone graph components (only incomplete/density<1)
# 4 complete components
