,AAACCTGAGTAGCGGT-1,AAACCTGAGTCCAGGA-1,AAACGGGTCCTTCAAT-1,AAAGATGAGAGGTACC-1,AAAGTAGTCGACCAGC-1,AACACGTAGCTAAACA-1,AACACGTAGTCTCAAC-1,AACCATGCACATAACC-1,AACCATGGTGAAATCA-1,AACCGCGCACAACGTT-1,AACCGCGTCAACCATG-1,AACGTTGAGACTTGAA-1,AACGTTGGTCGGCACT-1,AACGTTGTCTAAGCCA-1,AACTCAGTCAAACCAC-1,AACTCAGTCTAGAGTC-1,AACTCCCGTAGCTAAA-1,AACTCTTAGTGGTCCC-1,AACTGGTGTAGCACGA-1,AACTGGTTCCACGCAG-1,AACTTTCAGAGGTAGA-1,AACTTTCCATAGGATA-1,AAGCCGCGTACCAGTT-1,AAGGAGCAGAGGTTAT-1,AAGGCAGAGGATGCGT-1,AAGGCAGGTGCCTGGT-1,AAGGTTCCACAACTGT-1,AAGTCTGCAAGGGTCA-1,AAGTCTGCATCCAACA-1,AATCCAGAGGCGTACA-1,AATCCAGCATTTGCCC-1,AATCCAGTCTGCTGTC-1,ACACCAATCTACCAGA-1,ACAGCTAGTACAGTTC-1,ACAGCTAGTCAGAGGT-1,ACATACGAGTGCTGCC-1,ACATACGGTGGTCCGT-1,ACATCAGCACAGATTC-1,ACATCAGCAGTTCATG-1,ACATCAGGTTATCGGT-1,ACATGGTAGGAGTTGC-1,ACATGGTCACAGCCCA-1,ACATGGTCACCAGATT-1,ACATGGTGTCTTCAAG-1,ACATGGTGTGGCAAAC-1,ACCAGTAAGTCCATAC-1,ACCAGTACACTTACGA-1,ACCGTAAGTAATCGTC-1,ACCGTAAGTGATGTGG-1,ACCTTTACATACCATG-1,ACCTTTAGTGACGGTA-1,ACCTTTATCCGAGCCA-1,ACGAGCCAGCTAGTGG-1,ACGAGCCCAAGCCCAC-1,ACGAGGAGTATAGTAG-1,ACGATACTCAATCACG-1,ACGATGTGTCACACGC-1,ACGATGTTCACTTACT-1,ACGATGTTCTTTACGT-1,ACGCAGCAGAGCAATT-1,ACGCAGCGTTAGTGGG-1,ACGCCAGCAGCTGCAC-1,ACGCCGAAGCTAACTC-1,ACGCCGATCGCCATAA-1,ACGCCGATCGTAGATC-1,ACGGAGAGTCAAGCGA-1,ACGGCCAAGTATTGGA-1,ACGGCCACAAGGTTCT-1,ACGGCCATCTGGTATG-1,ACGGGTCCAGGTGGAT-1,ACGTCAAAGCTCCCAG-1,ACTATCTCACAGTCGC-1,ACTATCTGTCTGATCA-1,ACTATCTTCGTCTGAA-1,ACTGAACAGAGATGAG-1,ACTGAACCAAGAAAGG-1,ACTGAACTCAGGTAAA-1,ACTGAGTAGGGATCTG-1,ACTGAGTCAAGACACG-1,ACTGAGTTCCGTTGCT-1,ACTGCTCTCTGAGGGA-1,ACTGCTCTCTTGAGAC-1,ACTTACTTCACCAGGC-1,ACTTGTTAGCGTGTCC-1,ACTTGTTGTACGACCC-1,ACTTGTTGTACTTAGC-1,ACTTTCAAGCTACCTA-1,AGAATAGTCCAAGTAC-1,AGACGTTAGGCATGTG-1,AGACGTTGTAAGTGGC-1,AGAGCGAAGAGAGCTC-1,AGAGCGAAGGAATGGA-1,AGAGCGACATTGGTAC-1,AGAGCGATCGTTACAG-1,AGAGCTTTCGTCGTTC-1,AGAGTGGAGAGTGACC-1,AGAGTGGAGCACCGTC-1,AGAGTGGAGGTAAACT-1,AGAGTGGAGTGTGGCA-1,AGAGTGGGTGGGTATG-1,AGATTGCAGGCTATCT-1,AGATTGCAGTGAACGC-1,AGATTGCTCACCACCT-1,AGATTGCTCCCTCAGT-1,AGCAGCCAGTCAATAG-1,AGCAGCCTCATAACCG-1,AGCATACGTCATACTG-1,AGCCTAAAGGTGGGTT-1,AGCCTAACATACCATG-1,AGCGGTCAGTCCCACG-1,AGCGGTCTCATGTGGT-1,AGCGTCGAGTGGTAGC-1,AGCTCCTGTCGAACAG-1,AGCTCCTGTTGCGTTA-1,AGCTCCTTCAACACTG-1,AGCTCTCAGAACTCGG-1,AGCTCTCTCAACGGGA-1,AGCTCTCTCCTAAGTG-1,AGCTTGAAGTGGTAGC-1,AGCTTGACACGTAAGG-1,AGCTTGACAGTAAGAT-1,AGCTTGAGTCCCGACA-1,AGGCCGTAGCCAGTTT-1,AGGCCGTGTTCATGGT-1,AGGGAGTTCTACCTGC-1,AGGGATGGTTCGTTGA-1,AGGGTGAAGATAGGAG-1,AGGTCATAGCGTCTAT-1,AGGTCCGAGACTTGAA-1,AGGTCCGCAGTCAGCC-1,AGGTCCGGTTACGTCA-1,AGTAGTCCAAGCGATG-1,AGTAGTCCAGAGCCAA-1,AGTAGTCGTCCTCTTG-1,AGTCTTTAGCGACGTA-1,AGTCTTTAGCTCCTCT-1,AGTCTTTCAAGTCTAC-1,AGTCTTTTCACGCGGT-1,AGTGGGAGTTGCGTTA-1,AGTTGGTCAGGAATGC-1,ATAACGCAGAGTGAGA-1,ATAGACCAGTCCGTAT-1,ATCACGATCACTGGGC-1,ATCATCTCAATTCCTT-1,ATCATCTTCCCAACGG-1,ATCATCTTCTTAACCT-1,ATCCACCCACTTAACG-1,ATCCGAAAGTATGACA-1,ATCCGAACAATCAGAA-1,ATCCGAACATCTCGCT-1,ATCGAGTAGTAACCCT-1,ATCGAGTTCAAGGCTT-1,ATCGAGTTCTCTAAGG-1,ATGAGGGAGTGTTTGC-1,ATGCGATAGTGTCTCA-1,ATGCGATTCCAAACAC-1,ATGGGAGAGAACTCGG-1,ATGGGAGTCGTTGCCT-1,ATGGGAGTCTGGTGTA-1,ATGTGTGCAGTGGAGT-1,ATGTGTGTCAAACGGG-1,ATGTGTGTCCCATTAT-1,ATTACTCTCCACGTGG-1,ATTATCCCACCTCGTT-1,ATTATCCTCTTTACGT-1,ATTCTACAGGTAGCCA-1,ATTCTACTCCTTTCGG-1,ATTGGTGAGCGGATCA-1,ATTTCTGCATAAAGGT-1,CAACCAAGTACAAGTA-1,CAACCAAGTGTATGGG-1,CAACCTCCACTGTTAG-1,CAACCTCGTGGTCCGT-1,CAACTAGCAAACGTGG-1,CAACTAGGTAAACCTC-1,CAACTAGGTCTAGGTT-1,CAAGATCCAGTTCCCT-1,CAAGTTGGTCTTCGTC-1,CACAAACAGCGTTGCC-1,CACAAACCAAGCGCTC-1,CACAAACGTTGATTCG-1,CACACAAAGCCACGCT-1,CACACAAAGGCCCTTG-1,CACACAAGTCCGCTGA-1,CACACAAGTCTGATCA-1,CACACAAGTTGCGTTA-1,CACACCTCATTGGCGC-1,CACACTCAGATTACCC-1,CACAGTATCAAACAAG-1,CACATAGAGGCTAGGT-1,CACATAGTCCATGAAC-1,CACCAGGAGTCCCACG-1,CACCAGGGTGCCTTGG-1,CACCTTGAGCTACCTA-1,CACCTTGCATAAAGGT-1,CACCTTGTCTGAGGGA-1,CACTCCAAGTTAAGTG-1,CACTCCACAGAAGCAC-1,CACTCCAGTGTGACGA-1,CACTCCATCATTCACT-1,CAGAATCAGTGCCATT-1,CAGAATCCAATGTAAG-1,CAGAGAGAGACACGAC-1,CAGAGAGCAATGGATA-1,CAGAGAGCACGGTGTC-1,CAGAGAGGTTCACGGC-1,CAGCAGCAGACATAAC-1,CAGCAGCTCGGTGTTA-1,CAGCATAGTCATACTG-1,CAGCATAGTGGTGTAG-1,CAGCCGAAGTCACGCC-1,CAGCCGACACGCATCG-1,CAGCCGAGTAGCTCCG-1,CAGCGACCAATGCCAT-1,CAGCTGGAGTATTGGA-1,CAGCTGGCACCTATCC-1,CAGCTGGGTCTAACGT-1,CAGCTGGTCTATCGCC-1,CAGTAACAGACTTTCG-1,CAGTAACAGCTTTGGT-1,CAGTAACCAAGCCCAC-1,CAGTAACCAGTAACGG-1,CAGTAACTCGCTTGTC-1,CAGTCCTCAGGGTATG-1,CAGTCCTGTTGCGTTA-1,CATATGGCATATGAGA-1,CATCAAGAGATATACG-1,CATCAAGGTGGTCCGT-1,CATCAAGTCTGCTGCT-1,CATCAGACACATGTGT-1,CATCAGACAGCTCGCA-1,CATCCACGTTACGACT-1,CATCGAATCATATCGG-1,CATGACACATTTGCCC-1,CATGCCTCAAAGAATC-1,CATGCCTGTCATACTG-1,CATTATCAGACTGTAA-1,CATTCGCAGGCGATAC-1,CATTCGCGTGGTGTAG-1,CATTCGCGTTCGGGCT-1,CCAATCCTCTCCCTGA-1,CCACCTACATCCGTGG-1,CCACCTAGTTGGTTTG-1,CCACGGATCTATGTGG-1,CCACTACTCGTCACGG-1,CCACTACTCTGCGGCA-1,CCAGCGATCGGTTAAC-1,CCATGTCAGCCACCTG-1,CCATTCGTCACATAGC-1,CCCAATCAGATCCGAG-1,CCCAATCCACACATGT-1,CCCAATCTCTTACCGC-1,CCCAGTTGTGATAAAC-1,CCCATACAGCTCCTCT-1,CCCATACCAAGGACAC-1,CCCTCCTCACCGTTGG-1,CCCTCCTCACGGTAGA-1,CCGGGATAGTACACCT-1,CCGGTAGAGACACTAA-1,CCGGTAGCATTGGGCC-1,CCGTACTAGTCCATAC-1,CCGTACTTCCCACTTG-1,CCGTGGAAGCTGCCCA-1,CCGTTCAAGATATACG-1,CCGTTCAAGGCATGTG-1,CCGTTCAGTACTTCTT-1,CCTAAAGAGTGTTAGA-1,CCTACACAGCTAGGCA-1,CCTACACAGTACTTGC-1,CCTACACCATATACGC-1,CCTACACTCACAAACC-1,CCTATTACAATGACCT-1,CCTTACGCAAGCTGTT-1,CCTTACGCAGCTGTAT-1,CCTTCGACACAACTGT-1,CCTTCGACACCTATCC-1,CCTTCGAGTAACGACG-1,CCTTCGAGTAGATTAG-1,CCTTTCTAGATGTGGC-1,CGAATGTCATGTAAGA-1,CGAATGTGTCCAAGTT-1,CGAATGTTCTCTTATG-1,CGACCTTGTTATGTGC-1,CGACTTCCATTCCTCG-1,CGAGAAGCACCGGAAA-1,CGAGAAGCATTGCGGC-1,CGAGCACGTGACTCAT-1,CGAGCCAAGAAGGTGA-1,CGAGCCACACGGATAG-1,CGATCGGCAGCGTCCA-1,CGATCGGCATAGGATA-1,CGATGGCAGCACAGGT-1,CGATGGCCAGCCTTGG-1,CGATGTAAGCGTCAAG-1,CGATGTAAGGCCGAAT-1,CGATGTACATGCTAGT-1,CGATGTATCCTGCTTG-1,CGATTGAAGCACCGCT-1,CGCCAAGCAGCGTAAG-1,CGCCAAGGTGTTTGGT-1,CGCGGTAAGAGAACAG-1,CGCGGTATCTCGAGTA-1,CGCTATCCAGCTCCGA-1,CGCTGGAAGCTCCTCT-1,CGCTTCAAGGTCATCT-1,CGCTTCACAAGCGATG-1,CGCTTCATCAGTCCCT-1,CGGACACAGCGCTTAT-1,CGGACACAGTGCGATG-1,CGGACACCAGGTTTCA-1,CGGACGTAGAAACCGC-1,CGGACGTCAATGAAAC-1,CGGACTGGTTCTCATT-1,CGGACTGTCTTTAGTC-1,CGGCTAGCAATGACCT-1,CGGTTAATCCTTGCCA-1,CGTAGCGAGTCATCCA-1,CGTAGCGTCTCGTTTA-1,CGTAGGCAGAGACGAA-1,CGTCAGGTCAGTGTTG-1,CGTCAGGTCCAAGCCG-1,CGTCCATCACGGATAG-1,CGTCTACAGAACAACT-1,CGTCTACGTCGCGAAA-1,CGTGTAAGTATAGGTA-1,CGTTAGATCATCGGAT-1,CGTTCTGGTGTCTGAT-1,CGTTCTGGTTGTGGCC-1,CGTTGGGAGGGTGTGT-1,CGTTGGGCAATCCGAT-1,CTAACTTGTCCGAATT-1,CTAAGACAGTACGTTC-1,CTAAGACGTACCCAAT-1,CTAAGACTCTCGATGA-1,CTACACCAGCGTGTCC-1,CTACACCCACTATCTT-1,CTACATTAGTGTCCCG-1,CTACATTGTAATTGGA-1,CTACATTTCATTCACT-1,CTACATTTCTGGGCCA-1,CTACCCATCCGCAAGC-1,CTAGAGTAGGAGTTGC-1,CTAGAGTCACTATCTT-1,CTAGAGTCATGCAACT-1,CTAGTGAAGAAACCGC-1,CTAGTGAGTCAAAGAT-1,CTAGTGAGTCCAGTTA-1,CTAGTGAGTTGTGGCC-1,CTCACACCAACGCACC-1,CTCAGAATCACGCATA-1,CTCGAAAAGTTCGCGC-1,CTCGAGGTCCTGCCAT-1,CTCGGAGAGCCTATGT-1,CTCGGGACATCGGACC-1,CTCGGGAGTGCTAGCC-1,CTCGTACGTAAGGATT-1,CTCGTACGTCAAAGCG-1,CTCGTACGTCAATACC-1,CTCGTACTCCTGCTTG-1,CTCGTACTCCTGTAGA-1,CTCGTCACAAGAAGAG-1,CTCTACGTCTACCTGC-1,CTGAAGTAGCATGGCA-1,CTGATAGCAAACCCAT-1,CTGATAGTCTTGTTTG-1,CTGATCCCACATGGGA-1,CTGCGGAGTTTACTCT-1,CTGCGGATCAAACGGG-1,CTGGTCTGTTCCCGAG-1,CTGTGCTTCAATAAGG-1,CTGTGCTTCTTTACAC-1,CTTAACTTCCCTGACT-1,CTTACCGGTTTAAGCC-1,CTTAGGACAGCATGAG-1,CTTAGGATCCATGAGT-1,CTTAGGATCTGTCTAT-1,CTTCTCTAGAGTACAT-1,CTTCTCTAGCGTCAAG-1,CTTTGCGGTTCGGCAC-1,CTTTGCGTCGGTTCGG-1,GAAACTCAGTACATGA-1,GAAACTCTCAGAGACG-1,GAAATGACATCCTAGA-1,GAACGGAGTAAGTAGT-1,GAAGCAGCATTTCAGG-1,GAAGCAGGTCAACATC-1,GAAGCAGGTGTTAAGA-1,GAATGAAGTCCAACTA-1,GAATGAATCATGTAGC-1,GAATGAATCTTCAACT-1,GACAGAGCACCTCGTT-1,GACAGAGCAGCGTAAG-1,GACAGAGGTCCCTACT-1,GACCAATGTCTTCAAG-1,GACCTGGCATGAACCT-1,GACCTGGTCCGTAGTA-1,GACGCGTCAGTCAGCC-1,GACGGCTTCCACGAAT-1,GACGGCTTCTTAGCCC-1,GACGTGCAGGCATTGG-1,GACGTGCGTGGAAAGA-1,GACGTGCGTGGTGTAG-1,GACGTTAAGGTGACCA-1,GACGTTACACATGGGA-1,GACTACAGTGAGCGAT-1,GACTACAGTGTTCTTT-1,GACTGCGGTGTGACGA-1,GACTGCGTCCTGTACC-1,GAGCAGACACATTTCT-1,GAGGTGAAGCTGATAA-1,GATCAGTAGACAAAGG-1,GATCAGTAGTAGGTGC-1,GATCAGTCAATCACAC-1,GATCAGTCATCCTAGA-1,GATCGATGTACTCGCG-1,GATCGATGTGTGTGCC-1,GATCGCGAGAGTTGGC-1,GATCGCGCAAGTTCTG-1,GATCGCGGTGTCTGAT-1,GATCGTACATGTCGAT-1,GATCGTAGTCCAGTTA-1,GATCTAGCAATCTGCA-1,GATCTAGTCTGGTTCC-1,GATGAAAAGTCCATAC-1,GATGAAAGTGATGCCC-1,GATGAGGGTGAGTATA-1,GATGAGGGTTATCACG-1,GATGAGGTCCTCCTAG-1,GATGCTAAGATCGATA-1,GATGCTAAGTAGATGT-1,GATGCTACACGCTTTC-1,GATGCTAGTCTGATTG-1,GATTCAGTCGCGTAGC-1,GCAAACTAGGGAACGG-1,GCAAACTCATACTCTT-1,GCAATCAGTGTAACGG-1,GCACATATCTTGTATC-1,GCACTCTCACCAGCAC-1,GCACTCTGTGATGTCT-1,GCAGCCACAACTTGAC-1,GCAGCCACAGCCAGAA-1,GCAGTTAGTCAAAGCG-1,GCAGTTAGTGACCAAG-1,GCATACAAGGGTCGAT-1,GCATACACATGGTAGG-1,GCATACATCACCGTAA-1,GCATGATGTATGAAAC-1,GCATGATGTTTAAGCC-1,GCATGATTCCTCAACC-1,GCATGCGGTTCCACAA-1,GCATGTAGTCCCTACT-1,GCCAAATAGGTAGCTG-1,GCCAAATTCTTTAGGG-1,GCCTCTACACTACAGT-1,GCGACCAAGATGTGGC-1,GCGACCACAGGTTTCA-1,GCGACCACATGGAATA-1,GCGAGAAAGAAGGTGA-1,GCGAGAAAGTCCGGTC-1,GCGAGAACAATAAGCA-1,GCGAGAATCAACGGGA-1,GCGCAGTAGCGCCTCA-1,GCGCAGTCATTAGGCT-1,GCGCCAATCCCTTGCA-1,GCGGGTTCACACAGAG-1,GCGGGTTCAGCCACCA-1,GCGGGTTTCAGTGCAT-1,GCTCCTAAGAAGGTGA-1,GCTCCTAAGACCTTTG-1,GCTCTGTCAGCATACT-1,GCTCTGTTCGCTTAGA-1,GCTGCAGCACCTCGTT-1,GCTGCTTAGAAGGCCT-1,GCTGCTTTCGGCATCG-1,GCTGGGTCAGATCTGT-1,GCTGGGTGTGAAGGCT-1,GCTTCCAGTATGGTTC-1,GCTTCCAGTCGGCACT-1,GCTTCCAGTGATGTCT-1,GCTTCCATCATGTAGC-1,GCTTGAAGTATAAACG-1,GCTTGAAGTTAAGAAC-1,GCTTGAATCCATTCTA-1,GGAACTTAGTTTCCTT-1,GGAATAACAAAGGAAG-1,GGAATAATCCCTGACT-1,GGACAAGCAAATACAG-1,GGACAAGGTTCCACAA-1,GGACAGAAGTCTCCTC-1,GGACAGAGTTTCCACC-1,GGACATTAGGATATAC-1,GGACATTTCAGTTCGA-1,GGACGTCGTGAGTATA-1,GGACGTCTCTCGCTTG-1,GGAGCAAAGAATTCCC-1,GGATGTTTCCTAAGTG-1,GGATTACAGATGGCGT-1,GGATTACAGCTACCGC-1,GGCAATTAGTGTGGCA-1,GGCAATTTCATGCATG-1,GGCAATTTCGTTACGA-1,GGCCGATCATCTACGA-1,GGCCGATGTACGCTGC-1,GGCCGATGTTACCGAT-1,GGCCGATTCCCTAACC-1,GGCCGATTCTAGCACA-1,GGCGACTAGAGTAAGG-1,GGCGTGTGTTAGTGGG-1,GGCTCGAAGCAACGGT-1,GGCTGGTCATCCCACT-1,GGCTGGTTCTACTTAC-1,GGGAATGGTAAGTGTA-1,GGGACCTTCGACGGAA-1,GGGAGATAGACAGAGA-1,GGGAGATCAGATCTGT-1,GGGAGATGTTAAAGAC-1,GGGAGATTCATGTCCC-1,GGGAGATTCCTACAGA-1,GGGATGACACCCAGTG-1,GGGCACTAGATGGGTC-1,GGGCACTCACTACAGT-1,GGGCACTGTGTATGGG-1,GGGTCTGCACTTCTGC-1,GGGTCTGCATACTCTT-1,GGGTTGCTCAGCGATT-1,GGTATTGGTGACGCCT-1,GGTGCGTGTCCGACGT-1,GGTGCGTTCCTGCTTG-1,GGTGTTACATCCGGGT-1,GGTGTTAGTTCCATGA-1,GTAACTGCAGGGTATG-1,GTACGTACAATGAAAC-1,GTACTCCAGAAGGACA-1,GTACTCCCACACAGAG-1,GTACTTTCAGCTGTTA-1,GTACTTTCAGTTAACC-1,GTAGTCACACAGATTC-1,GTATCTTTCCAAAGTC-1,GTATTCTGTCTAAAGA-1,GTCACAACAGGAATCG-1,GTCACAAGTTGTACAC-1,GTCACGGCATGTTGAC-1,GTCATTTTCAGTGTTG-1,GTCATTTTCGATCCCT-1,GTCCTCACAAGACACG-1,GTCCTCAGTGCAGGTA-1,GTCCTCATCACCAGGC-1,GTCGGGTAGCCAGTTT-1,GTCGGGTGTTACTGAC-1,GTCGTAAAGACTAGAT-1,GTCGTAAGTTGACGTT-1,GTCGTAATCTAGCACA-1,GTCGTAATCTCCAACC-1,GTCTTCGAGTGGACGT-1,GTGAAGGAGGGCACTA-1,GTGCAGCAGCGTTCCG-1,GTGCAGCCATGGGACA-1,GTGCATAGTCTTCGTC-1,GTGCATATCGGCGGTT-1,GTGCGGTAGCGTGAAC-1,GTGCGGTCAATCGGTT-1,GTGCGGTCACATTCGA-1,GTGCGGTCACCCAGTG-1,GTGCTTCCAGGGATTG-1,GTGGGTCCAAGCCCAC-1,GTGGGTCTCTGTTTGT-1,GTGTGCGAGGATGCGT-1,GTGTTAGTCTTAACCT-1,GTTAAGCGTAGCTCCG-1,GTTAAGCGTCTAAACC-1,GTTACAGCATTCCTCG-1,GTTACAGGTATATCCG-1,GTTCATTAGCAATCTC-1,GTTCATTCATGTCCTC-1,GTTCATTTCAAAGACA-1,GTTCGGGGTTATCCGA-1,GTTTCTACAGGACGTA-1,TAAACCGGTTAGTGGG-1,TAAACCGTCAATCTCT-1,TAAGCGTGTCATTAGC-1,TAAGTGCCACGCGAAA-1,TAAGTGCTCCCTAACC-1,TACACGAGTCTAGGTT-1,TACACGATCCTTTCGG-1,TACAGTGAGAGCTTCT-1,TACAGTGAGGCGATAC-1,TACAGTGTCAATCTCT-1,TACCTATTCGCTGATA-1,TACCTTAGTCTCATCC-1,TACCTTAGTTCAGTAC-1,TACCTTAGTTGAACTC-1,TACCTTATCCTAGGGC-1,TACCTTATCTTAGCCC-1,TACGGATAGAAACGCC-1,TACGGGCAGTGGAGAA-1,TACGGTAAGCGGATCA-1,TACGGTACAAGGTTTC-1,TACGGTATCGGCGCTA-1,TACTCGCTCCGTACAA-1,TACTCGCTCTTGGGTA-1,TACTTACCATAGTAAG-1,TACTTACGTTGAGTTC-1,TACTTGTCACCAGGCT-1,TACTTGTTCGTCCAGG-1,TAGACCAAGTGACATA-1,TAGACCACACTGTTAG-1,TAGACCATCAATACCG-1,TAGAGCTGTTTACTCT-1,TAGCCGGAGATGCCAG-1,TAGCCGGCAAGAAAGG-1,TAGCCGGGTGCTCTTC-1,TAGTGGTGTTCTCATT-1,TAGTTGGCAAGAGTCG-1,TATCTCAAGACCTTTG-1,TATCTCAGTAGCTCCG-1,TATCTCATCCTGCCAT-1,TATGCCCCAGTATGCT-1,TATGCCCCATGACATC-1,TATGCCCTCTGCTGCT-1,TATTACCCACGGCCAT-1,TATTACCGTCTGGAGA-1,TATTACCTCCGCTGTT-1,TCAACGAAGGCAATTA-1,TCAACGAGTACGCTGC-1,TCAACGATCAACGCTA-1,TCAATCTAGATGCCAG-1,TCACAAGTCAGCTTAG-1,TCACGAAGTGTGACGA-1,TCACGAATCCTCGCAT-1,TCAGATGTCCACGAAT-1,TCAGATGTCTTTAGTC-1,TCAGCAACAAGCCGCT-1,TCAGCAACATGCATGT-1,TCAGCTCCAGCTATTG-1,TCAGCTCGTCCTGCTT-1,TCAGCTCGTTAAGACA-1,TCAGCTCTCTGTCAAG-1,TCAGGTACACCCATTC-1,TCATTACAGCTACCGC-1,TCATTACTCCATGAGT-1,TCATTTGCATACTACG-1,TCATTTGGTCCGCTGA-1,TCCACACCAGGAATCG-1,TCCACACGTGTAACGG-1,TCCCGATGTGGTCCGT-1,TCGAGGCCATTACGAC-1,TCGAGGCGTGTGACGA-1,TCGCGAGCAGTGAGTG-1,TCGCGAGCATGAACCT-1,TCGCGAGCATGCCCGA-1,TCGCGAGTCACCTTAT-1,TCGCGAGTCGTTACAG-1,TCGCGTTAGCTTCGCG-1,TCGCGTTAGGACCACA-1,TCGCGTTTCCCTCTTT-1,TCGGGACTCCATTCTA-1,TCGTACCCAAGCCGTC-1,TCGTACCGTGATGTGG-1,TCGTACCTCCAGTATG-1,TCTATTGCAGCCTGTG-1,TCTCATAGTGTTAAGA-1,TCTCTAAAGCGCCTTG-1,TCTCTAACAGTCTTCC-1,TCTGAGAGTAGCGCTC-1,TCTGAGAGTGTGACCC-1,TCTGAGATCTTACCTA-1,TCTGGAATCTGACCTC-1,TCTTCGGAGAGTGACC-1,TCTTCGGGTAACGTTC-1,TCTTTCCCAGATTGCT-1,TGAAAGAGTCGTGGCT-1,TGACAACAGGTGTGGT-1,TGACAACGTCCGAATT-1,TGACGGCAGAGCAATT-1,TGACGGCGTTACCAGT-1,TGACTAGAGCGCTTAT-1,TGACTAGTCATAACCG-1,TGAGAGGAGCCCTAAT-1,TGAGCATAGACTCGGA-1,TGAGCATAGGAGCGTT-1,TGAGCATAGGATATAC-1,TGAGCATGTCTCTCTG-1,TGAGCCGGTAAACACA-1,TGATTTCCAGTAAGAT-1,TGCCAAACAGCCTTTC-1,TGCCCTAAGGACAGAA-1,TGCCCTACACGAGGTA-1,TGCGCAGAGCTCTCGG-1,TGCGCAGGTACAGCAG-1,TGCGCAGTCTGGTGTA-1,TGCGTGGGTCGCATAT-1,TGCGTGGTCTAGAGTC-1,TGCTACCAGCTAACTC-1,TGCTACCGTTTGTTTC-1,TGCTGCTCAACGATGG-1,TGCTGCTCACCTGGTG-1,TGCTGCTGTCCAAGTT-1,TGGACGCAGACTTTCG-1,TGGACGCGTTCGGGCT-1,TGGCCAGAGCGTGAAC-1,TGGCCAGCAAACGCGA-1,TGGCCAGGTCGTGGCT-1,TGGCCAGGTGTGAAAT-1,TGGCCAGTCGTAGGTT-1,TGGCGCAAGAATAGGG-1,TGGCGCAAGTCGATAA-1,TGGGCGTAGCTCCTCT-1,TGGTTAGAGATGCCTT-1,TGGTTAGTCTCAAACG-1,TGGTTCCGTACAAGTA-1,TGGTTCCTCCACTCCA-1,TGTATTCCAATCGGTT-1,TGTATTCGTGGCCCTA-1,TGTCCCACAGCCAATT-1,TGTCCCAGTCCTCTTG-1,TGTCCCAGTTCGTTGA-1,TGTCCCATCCCAACGG-1,TGTGGTAGTAGGCTGA-1,TGTGGTATCAACCATG-1,TGTGGTATCCGCGGTA-1,TGTGGTATCGTCTGCT-1,TGTGTTTGTCAAAGCG-1,TGTTCCGCACAGACAG-1,TGTTCCGCATACTACG-1,TGTTCCGGTAAGAGGA-1,TGTTCCGTCATGTGGT-1,TTAACTCAGGGTGTGT-1,TTAACTCGTATCTGCA-1,TTAGGCAAGCAAATCA-1,TTAGTTCCAAGTCTAC-1,TTAGTTCCATCCAACA-1,TTATGCTAGGTGATAT-1,TTATGCTAGTGCTGCC-1,TTATGCTCATGGTCTA-1,TTATGCTGTAAACACA-1,TTATGCTTCTAACCGA-1,TTCCCAGCAAGGACAC-1,TTCCCAGTCAGCAACT-1,TTCGAAGGTGACGGTA-1,TTCGGTCAGAAGGACA-1,TTCGGTCAGATCGATA-1,TTCGGTCGTTTGACAC-1,TTCGGTCTCAGGATCT-1,TTCTACAGTACTCGCG-1,TTCTCAAGTACAGTGG-1,TTCTCAATCTGACCTC-1,TTCTCCTCAATGAAAC-1,TTCTTAGCAGACGCCT-1,TTGACTTCAGCGTTCG-1,TTGACTTGTAAATACG-1,TTGCCGTCAAAGGAAG-1,TTGCCGTTCCACGCAG-1,TTGGAACAGAAGGTTT-1,TTGGCAAGTGAAATCA-1,TTGTAGGAGGATGGAA-1,TTGTAGGTCGATGAGG-1,TTTACTGTCACTGGGC-1,TTTATGCCAAGTTCTG-1,TTTATGCTCCACTCCA-1,TTTATGCTCTTGCCGT-1,TTTCCTCGTAACGACG-1,TTTGCGCAGCTGGAAC-1,TTTGTCAAGTGCGTGA-1
ACTAGGAGATTGACGGATCACCTTTGGTCG,0,0,0,0,0,0,0,0,0,0,0,0,0,0,0,0,0,0,0,0,0,0,0,0,0,0,0,0,0,0,0,0,0,0,0,0,0,0,0,0,0,0,0,0,0,0,0,0,0,0,0,0,0,0,0,0,0,0,0,0,0,0,0,0,0,0,0,0,0,0,0,0,0,0,0,0,0,0,0,0,0,0,0,0,0,0,0,0,0,0,0,0,0,0,0,0,0,0,0,0,0,0,0,0,0,0,0,0,0,0,0,0,0,0,0,0,0,0,0,0,0,0,0,0,0,0,0,0,0,0,0,0,0,0,0,0,0,0,0,0,0,0,0,0,0,0,0,0,0,0,0,0,0,0,0,0,0,0,0,0,0,0,0,0,0,0,0,0,0,0,0,0,0,0,0,0,0,0,0,0,0,0,0,0,0,0,0,0,0,0,0,0,0,0,0,0,0,0,0,0,0,0,0,0,0,0,0,0,0,0,0,0,0,0,0,0,0,0,0,0,0,0,0,0,0,0,0,0,0,0,0,0,0,0,0,0,0,0,0,0,0,0,0,0,0,0,0,0,0,0,0,0,0,0,0,0,0,0,0,0,0,0,0,0,0,0,0,0,0,0,0,0,0,0,0,0,0,0,0,0,0,0,0,0,0,0,0,0,0,0,0,0,0,0,0,0,0,0,0,0,0,0,0,0,0,0,0,0,0,0,0,0,0,0,0,0,0,0,0,0,0,0,0,0,0,0,0,0,0,0,0,0,0,0,0,0,0,0,0,0,0,0,0,0,0,0,0,0,0,0,0,0,0,0,0,0,0,0,0,0,0,0,0,0,0,0,0,0,0,0,0,0,0,0,0,0,0,0,0,0,0,0,0,0,0,0,0,0,0,0,0,0,0,0,0,0,0,0,0,0,0,0,0,0,0,0,0,0,0,0,0,0,0,0,0,0,0,0,0,0,0,0,0,0,0,0,0,0,0,0,0,0,0,0,0,0,0,0,0,0,0,0,0,0,0,0,0,0,0,0,0,0,0,0,0,0,0,0,0,0,0,0,0,0,0,0,0,0,0,0,0,0,0,0,0,0,0,0,0,0,0,0,0,0,0,0,0,0,0,0,0,0,0,0,0,0,0,0,0,0,0,0,0,0,0,0,0,0,0,0,0,0,0,0,0,0,0,0,0,0,0,0,0,0,0,0,0,0,0,0,0,0,0,0,0,0,0,0,0,0,0,0,0,0,0,0,0,0,0,0,0,0,0,0,0,0,0,0,0,0,0,0,0,0,0,0,0,0,0,0,0,0,0,0,0,0,0,0,0,0,0,0,0,0,0,0,0,0,0,0,0,0,0,0,0,0,0,0,0,0,0,0,0,0,0,0,0,0,0,0,0,0,0,0,0,0,0,0,0,0,0,0,0,0,0,0,0,0,0,0,0,0,0,0,0,0,0,0,0,0,0,0,0,0,0,0,0,0,0,0,0,0,0,0,0,0,0,0,0,0,0,0,0,0,0,0,0,0,0,0,0,0,0,0,0,0,0,0,0,0,0,0,0,0,0,0,0,0,0,0,0,0,0,0,0,0,0,0,0,0,0,0,0,0,3,0,0,0,0,0,0,0,0,0,0,0,0,0,0,0,0,0,0,0,0,0,0,0,0,0,0,0,0,0,4,0,0,0,0,0,0,0,0,0,0,0,0,0,0,0,0,0,0,0,0,0,0,0,0,0,0,0,0
GGCGGAGACGGCACACACCGAGGGTCAGTT,0,0,0,0,0,0,0,0,0,0,0,0,0,0,0,0,0,0,0,0,0,0,0,0,0,0,0,0,0,0,0,0,0,0,0,0,0,0,0,0,0,0,0,0,0,0,0,0,0,0,0,0,0,0,0,0,0,0,0,0,0,0,0,0,0,0,0,0,0,0,0,0,0,0,0,0,0,0,0,0,0,0,0,0,0,0,0,0,0,0,0,0,0,0,0,0,0,0,0,0,0,0,0,0,0,0,0,0,0,0,0,0,0,0,0,0,0,0,0,0,0,0,0,0,0,0,0,0,0,0,2,0,0,0,0,0,0,0,0,0,0,0,0,0,0,0,0,0,0,0,0,0,0,0,0,0,0,0,0,0,0,0,0,0,0,0,0,0,0,0,0,0,0,0,0,0,0,0,0,0,0,0,0,0,0,0,0,0,0,0,0,0,0,0,0,0,0,0,0,0,0,0,0,0,0,0,0,0,0,0,0,0,0,0,0,0,0,0,0,0,0,0,0,0,0,0,0,0,0,0,0,0,0,0,0,0,0,0,0,0,0,0,0,0,0,0,0,0,0,0,0,0,0,0,0,0,0,0,0,0,0,0,0,0,0,0,0,0,0,0,0,0,0,0,0,0,0,0,0,0,0,0,0,0,0,0,0,0,0,0,0,0,0,0,0,0,0,0,0,0,0,0,0,0,0,0,0,0,0,0,0,0,0,0,0,0,0,0,0,0,0,0,0,0,0,0,0,0,0,0,0,0,0,0,0,0,0,0,0,0,0,0,0,0,0,0,0,0,0,0,0,0,0,0,0,0,0,0,0,0,0,0,0,0,0,0,0,0,0,0,0,0,0,0,0,0,0,0,0,0,0,0,0,0,0,0,0,0,0,0,0,0,0,0,0,0,0,0,0,0,0,0,0,0,0,0,0,0,0,0,0,0,0,0,0,0,0,0,0,0,0,0,0,0,0,0,0,0,0,0,0,0,0,0,0,0,0,0,0,0,0,0,0,0,0,0,0,0,0,0,0,0,0,0,0,0,0,0,0,0,0,0,0,0,0,0,0,0,0,0,0,0,0,0,0,0,0,0,0,0,0,0,0,0,0,0,0,0,0,0,0,0,0,0,0,0,0,0,0,0,0,0,0,0,0,0,0,0,0,0,0,0,0,0,0,0,0,0,0,0,0,0,0,0,0,0,0,0,0,0,0,0,0,0,0,0,0,0,0,0,0,0,0,0,0,0,0,0,0,0,0,0,0,0,0,0,0,0,0,0,0,0,0,0,0,0,0,0,0,0,0,0,0,0,0,0,0,0,0,0,0,0,0,0,0,0,0,0,0,0,0,0,0,0,0,0,0,0,0,0,0,0,0,0,0,0,0,0,0,0,0,0,0,0,0,0,0,0,0,0,0,0,0,0,0,0,0,0,0,0,0,0,0,0,0,0,0,0,0,0,0,0,0,0,0,0,0,0,0,0,0,0,0,0,0,0,0,0,0,0,0,0,0,0,0,0,0,0,0,0,0,0,0,0,0,0,0,0,0,0,0,0,0,0,0,0,0,0,0,0,0,0,0,0,0,0,0,0,0,0,0,0,0,0,0,0,0,0,0,0,0,0,0,0,0,0,0,0,0,0,0,0,0,0,0,0,0,0,0,0,0,0,0,0,0,0,0,0,0,0,0,0,0,0,0,0,0,0,0,0,0,0,0,0,0,0,0,0,0,0,0,0,0
GGTCTCCCTATACCAACAGTATCGTCTCAA,0,0,0,0,0,0,0,0,0,0,0,0,0,0,0,0,0,0,0,0,0,0,0,0,0,0,0,0,0,0,0,0,0,0,0,0,0,0,0,0,0,0,0,0,0,0,0,0,0,0,0,0,0,0,0,0,0,0,0,0,0,0,0,0,0,0,0,0,0,0,0,0,0,0,0,0,0,0,0,0,0,0,0,0,0,0,0,0,0,0,0,0,0,0,0,0,0,0,0,0,0,0,0,0,0,0,5,0,0,0,0,0,0,0,0,0,0,0,0,0,0,0,0,0,0,0,0,0,0,0,0,0,0,0,0,0,0,0,0,0,0,0,0,0,0,0,0,2,0,0,0,0,0,0,0,0,0,0,0,0,0,0,0,0,0,0,0,0,0,0,0,0,0,0,0,0,0,0,0,0,0,0,0,0,0,0,0,0,0,0,0,0,0,0,0,0,0,0,0,0,0,0,0,0,0,0,0,0,0,0,0,0,0,0,0,0,0,0,0,0,0,0,0,0,0,0,0,0,0,0,0,0,0,0,0,0,0,0,0,0,0,0,0,0,0,0,0,0,0,0,0,0,0,0,0,0,0,0,0,0,0,0,0,0,0,0,0,3,0,0,0,0,0,0,0,0,0,0,0,0,0,0,0,0,0,0,0,0,0,0,0,0,0,0,0,0,0,0,0,0,0,0,0,0,0,0,0,0,0,0,0,0,0,0,0,0,0,0,0,0,0,0,0,0,0,0,0,0,0,0,0,0,0,0,0,0,0,0,0,0,0,0,0,0,0,0,0,0,0,0,0,0,0,0,0,0,0,0,0,0,0,0,0,0,0,0,0,0,0,0,0,0,0,0,0,0,0,0,0,0,0,0,0,0,0,0,0,0,0,0,0,0,0,0,0,0,0,0,0,0,0,0,0,0,0,0,0,0,0,0,0,0,0,0,0,0,0,0,0,0,3,0,0,0,0,0,0,0,0,0,0,0,2,0,0,0,0,0,0,0,0,0,0,0,0,0,0,0,0,0,0,0,0,0,0,0,0,0,0,0,0,0,0,0,0,0,0,0,0,0,0,0,0,0,0,0,0,0,0,0,0,0,0,0,0,0,2,0,0,0,0,0,0,0,0,0,0,0,0,0,0,0,0,0,0,0,0,0,0,0,0,0,0,0,0,0,0,3,0,0,0,0,0,0,0,0,0,0,0,0,0,0,0,0,0,0,0,0,0,0,0,0,0,0,0,0,0,0,0,0,0,0,0,5,0,0,0,0,0,0,0,0,0,0,0,0,0,0,0,0,0,0,0,0,0,0,0,0,0,0,0,0,0,0,0,0,0,0,0,0,0,0,0,0,0,0,0,0,0,0,0,0,0,0,0,0,0,0,0,0,0,0,0,0,0,0,0,0,0,0,0,0,0,0,0,0,0,0,0,0,0,0,0,0,0,0,0,0,0,0,0,0,0,0,0,0,0,0,0,0,0,0,0,0,0,0,0,0,0,0,0,0,0,0,0,0,0,0,0,0,0,0,0,0,0,0,0,0,0,0,0,0,0,0,0,0,0,0,0,0,0,0,0,0,0,0,0,0,0,0,0,0,0,0,0,0,0,0,0,0,0,0,0,0,0,0,0,0,0,0,0,0,0,0,0,0,0,0,0,0,0,0,0,0,0,0,0,0,0,0,0,0,0,0,0,0,0,0,0,0,0,0,0,0,0,0,0,0,0,0,0,0,0
TGTCAATCGTTCGGTTGAGCAAGATCTTAG,3,2,2,2,2,4,4,6,2,3,3,2,2,5,2,2,2,2,2,2,3,3,2,3,2,3,2,4,2,2,2,3,2,3,4,5,4,2,2,2,3,3,4,2,2,2,3,2,2,3,2,4,3,2,4,2,2,2,3,2,2,2,3,3,2,3,2,2,3,2,2,6,2,3,2,2,2,2,2,11,2,3,2,4,2,5,5,2,2,4,2,2,2,3,4,3,4,2,2,2,3,2,3,2,3,3,0,3,2,2,4,2,2,2,2,5,2,2,4,4,2,3,2,3,2,2,2,2,2,2,0,5,2,2,2,2,2,3,2,3,3,2,5,2,2,4,4,0,2,2,2,2,2,2,2,2,3,12,2,2,2,2,2,3,6,2,2,3,2,2,2,2,4,2,2,2,2,3,2,2,3,4,2,2,5,4,2,5,2,3,3,3,2,2,2,2,2,2,2,4,2,3,3,2,3,2,2,2,2,2,2,12,3,2,3,3,2,2,2,2,4,3,2,3,4,2,2,2,3,4,2,4,2,2,3,5,2,4,2,2,9,3,3,2,2,2,2,2,2,3,4,2,5,2,4,3,5,3,3,2,2,2,4,2,2,2,2,0,3,3,2,3,2,2,2,2,4,2,2,2,4,3,3,2,2,2,4,2,2,2,4,2,6,3,2,2,2,2,2,2,3,3,16,2,3,2,2,3,3,2,2,2,3,4,5,2,2,2,2,2,2,2,2,5,2,3,6,6,3,2,3,5,2,3,2,3,2,2,2,2,7,2,2,4,2,6,3,2,2,3,6,2,3,3,2,7,2,2,3,3,3,2,2,2,2,3,2,2,2,8,2,3,3,2,3,5,3,2,2,3,5,2,2,2,2,2,2,3,2,2,2,3,2,2,2,3,2,3,2,2,5,2,2,3,4,5,2,2,2,4,3,3,3,2,2,2,2,2,2,2,0,2,2,4,3,2,5,3,2,3,2,2,0,2,4,2,2,2,2,2,3,2,2,2,3,2,2,3,2,2,2,3,7,5,3,2,2,6,2,2,3,3,3,2,3,2,2,2,2,7,2,3,2,4,3,3,2,2,3,3,2,3,2,2,2,2,0,2,2,6,2,2,2,2,5,3,2,2,2,2,2,2,2,2,2,2,3,3,2,3,4,5,2,2,3,2,4,0,4,2,2,2,2,3,2,2,2,2,6,3,2,2,3,2,4,3,3,2,3,7,3,2,2,2,2,2,3,3,2,2,2,2,2,0,3,3,2,2,2,2,2,2,2,2,2,2,2,2,3,8,2,2,3,2,3,2,2,3,3,4,2,5,2,3,2,7,2,2,2,2,2,2,2,2,6,2,2,4,2,3,3,2,2,2,2,3,2,2,2,3,3,2,3,3,2,2,2,4,2,2,2,2,3,3,2,2,3,2,2,7,2,3,3,2,6,3,2,2,2,2,3,3,3,3,2,3,2,2,5,2,2,2,3,4,2,3,2,2,2,5,8,3,2,2,2,4,2,3,2,2,3,2,2,3,3,2,3,3,2,2,3,4,2,3,4,7,4,2,3,3,4,2,2,3,2,4,7,2,3,3,3,2,2,2,0,2,2,3,4,2,2,2,2,4,2,2,5,2,2,2,3,3,3,2,2,3,2,2,3,3,3,2,2,4,0,3,2,2,5,2,3,2,2,2,2,2,2,8,3,2,3,4,2,4,2,2,2,3,3,3,2,2,2
